===== build_local START 鍛ㄤ簩 2026/09/29  7:48:18.09 ===== 
FORCE: removing stale test objects 
  deleted bin\obj\modules\mcp_server\tests\test_mcp_server.windows.editor.x86_64.obj 
  deleted bin\obj\tests\test_main.windows.editor.x86_64.obj 
  deleted bin\obj\modules\mcp_server\mcp_trace.windows.editor.x86_64.obj 
FORCE: stale test objects gone (the header has no dependency edge) 
COMMAND: D:\Anaconda\Scripts\scons.exe platform=windows target=editor module_mono_enabled=no tests=yes -j8 
scons: Reading SConscript files ...
Using Visual Studio 14.3 with Windows SDK 10.0.26100.0.
WARNING: The ANGLE rendering driver requires dependencies to be installed.
You can install them by running `python misc\scripts\install_angle.py`.
See the documentation for more information:
	https://docs.godotengine.org/en/latest/engine_details/development/compiling/compiling_for_windows.html#compiling-with-angle-support
Alternatively, disable this driver by compiling with `angle=no` explicitly.
Building for platform "windows", architecture "x86_64", target "editor".
scons: done reading SConscript files.
scons: Building targets ...
Generating modules\modules_tests.gen.h ...
Compiling modules\mcp_server\mcp_trace.cpp ...
Compiling tests\test_main.cpp ...
Compiling modules\mcp_server\tests\test_mcp_server.cpp ...
.\modules/mcp_server/tests/test_mcp_server.h(10340): error C2065: 鈥淕DScriptErrorBreakGuard鈥\ufffd: 鏈\ufffd澹版槑鐨勬爣璇嗙\ufffd\ufffd
.\modules/mcp_server/tests/test_mcp_server.h(10340): error C2146: 璇\ufffd娉曢敊璇\ufffd: 缂哄皯鈥\ufffd;鈥\ufffd(鍦ㄦ爣璇嗙\ufffd︹\ufffd済uard鈥濈殑鍓嶉潰)
.\modules/mcp_server/tests/test_mcp_server.h(10340): error C3861: 鈥済uard鈥\ufffd: 鎵句笉鍒版爣璇嗙\ufffd\ufffd
.\modules/mcp_server/tests/test_mcp_server.h(10341): error C2065: 鈥済uard鈥\ufffd: 鏈\ufffd澹版槑鐨勬爣璇嗙\ufffd\ufffd
.\modules/mcp_server/tests/test_mcp_server.h(10350): error C2065: 鈥淕DScriptErrorBreakGuard鈥\ufffd: 鏈\ufffd澹版槑鐨勬爣璇嗙\ufffd\ufffd
.\modules/mcp_server/tests/test_mcp_server.h(10350): error C2146: 璇\ufffd娉曢敊璇\ufffd: 缂哄皯鈥\ufffd;鈥\ufffd(鍦ㄦ爣璇嗙\ufffd︹\ufffd済uard鈥濈殑鍓嶉潰)
.\modules/mcp_server/tests/test_mcp_server.h(10350): error C3861: 鈥済uard鈥\ufffd: 鎵句笉鍒版爣璇嗙\ufffd\ufffd
.\modules/mcp_server/tests/test_mcp_server.h(10351): error C2065: 鈥済uard鈥\ufffd: 鏈\ufffd澹版槑鐨勬爣璇嗙\ufffd\ufffd
.\modules/mcp_server/tests/test_mcp_server.h(10360): error C2065: 鈥淕DScriptErrorBreakGuard鈥\ufffd: 鏈\ufffd澹版槑鐨勬爣璇嗙\ufffd\ufffd
.\modules/mcp_server/tests/test_mcp_server.h(10360): error C2146: 璇\ufffd娉曢敊璇\ufffd: 缂哄皯鈥\ufffd;鈥\ufffd(鍦ㄦ爣璇嗙\ufffd︹\ufffd済uard鈥濈殑鍓嶉潰)
.\modules/mcp_server/tests/test_mcp_server.h(10360): error C3861: 鈥済uard鈥\ufffd: 鎵句笉鍒版爣璇嗙\ufffd\ufffd
.\modules/mcp_server/tests/test_mcp_server.h(10361): error C2065: 鈥済uard鈥\ufffd: 鏈\ufffd澹版槑鐨勬爣璇嗙\ufffd\ufffd
scons: *** [bin\obj\tests\test_main.windows.editor.x86_64.obj] Error 2
scons: building terminated because of errors.
INFO: Time elapsed: 00:00:27.60
EXIT_CODE=2 
===== build_local END 鍛ㄤ簩 2026/09/29  7:49:00.26 ===== 
