scons: Reading SConscript files ...
Using Visual Studio 14.3 with Windows SDK 10.0.26100.0.
Building for platform "windows", architecture "x86_64", target "editor".
scons: done reading SConscript files.
scons: Building targets ...
Generating core\version_generated.gen.h ...
Generating modules\modules_enabled.gen.h ...
Creating Compiled Resource bin\obj\platform\windows\godot_res_wrap.windows.editor.x86_64.obj ...
Creating Compiled Resource bin\obj\platform\windows\godot_res.windows.editor.x86_64.obj ...
Compiling platform\windows\godot_windows.cpp ...
Compiling platform\windows\os_windows.cpp ...
Generating editor\doc\doc_data_class_path.gen.h ...
Compiling main\performance.cpp ...
Compiling main\main.cpp ...
Generating modules\modules_tests.gen.h ...
Compiling tests\core\io\test_http_client.cpp ...
Compiling tests\test_main.cpp ...
Compiling tests\core\io\test_image.cpp ...
Compiling tests\scene\test_fontfile.cpp ...
Compiling tests\scene\test_gltf_document.cpp ...
Compiling tests\scene\test_label.cpp ...
Compiling tests\scene\test_navigation_agent_2d.cpp ...
Compiling tests\scene\test_navigation_agent_3d.cpp ...
Compiling tests\scene\test_navigation_obstacle_2d.cpp ...
Compiling tests\scene\test_navigation_obstacle_3d.cpp ...
Compiling tests\scene\test_navigation_region_2d.cpp ...
Compiling tests\scene\test_navigation_region_3d.cpp ...
Compiling tests\servers\test_navigation_server_2d.cpp ...
Compiling tests\servers\test_navigation_server_3d.cpp ...
Compiling tests\servers\test_triangle2.cpp ...
Generating modules\register_module_types.gen.cpp ...
Compiling modules\text_server_adv\register_types.cpp ...
Compiling modules\register_module_types.gen.cpp ...
Compiling modules\text_server_adv\text_server_adv.cpp ...
Linking Static Library bin\obj\modules\modules.windows.editor.x86_64.lib ...
Compiling modules\text_server_adv\thorvg_svg_in_ot.cpp ...
Ranlib Library bin\obj\modules\modules.windows.editor.x86_64.lib ...
Compiling modules\gltf\gltf_document.cpp ...
Compiling modules\csg\editor\csg_gizmos.cpp ...
Compiling modules\gdscript\gdscript_vm.cpp ...
Compiling modules\gridmap\editor\grid_map_editor_plugin.cpp ...
Compiling modules\mcp_server\mcp_capture.cpp ...
Linking Static Library bin\obj\modules\module_gltf.windows.editor.x86_64.lib ...
Linking Static Library bin\obj\modules\module_csg.windows.editor.x86_64.lib ...
Compiling modules\mcp_server\mcp_deferred.cpp ...
Ranlib Library bin\obj\modules\module_gltf.windows.editor.x86_64.lib ...
Ranlib Library bin\obj\modules\module_csg.windows.editor.x86_64.lib ...
Compiling modules\mcp_server\mcp_file_effects.cpp ...
Compiling modules\mcp_server\mcp_frame_clock.cpp ...
Compiling modules\mcp_server\mcp_http_server.cpp ...
Compiling modules\mcp_server\mcp_jsonrpc.cpp ...
Compiling modules\mcp_server\mcp_server.cpp ...
Linking Static Library bin\obj\modules\module_gridmap.windows.editor.x86_64.lib ...
Ranlib Library bin\obj\modules\module_gridmap.windows.editor.x86_64.lib ...
Compiling modules\mcp_server\mcp_trace.cpp ...
Compiling modules\mcp_server\register_types.cpp ...
Linking Static Library bin\obj\main\main.windows.editor.x86_64.lib ...
Compiling modules\mcp_server\tools\csharp_verdict.cpp ...
Ranlib Library bin\obj\main\main.windows.editor.x86_64.lib ...
Compiling modules\mcp_server\tools\editor_input_simulation.cpp ...
Compiling modules\mcp_server\tools\editor_navigation_write.cpp ...
Compiling modules\mcp_server\tools\editor_playback.cpp ...
Linking Static Library bin\obj\modules\module_text_server_adv.windows.editor.x86_64.lib ...
Ranlib Library bin\obj\modules\module_text_server_adv.windows.editor.x86_64.lib ...
Compiling modules\mcp_server\tools\editor_profiling_read.cpp ...
Compiling modules\mcp_server\tools\editor_read_scene_inspector.cpp ...
Compiling modules\mcp_server\tools\editor_testing_read.cpp ...
Compiling modules\mcp_server\tools\editor_write_scene_editor.cpp ...
Compiling modules\mcp_server\tools\os_android_write.cpp ...
Compiling modules\mcp_server\tools\project_cross_scene_write.cpp ...
Compiling modules\mcp_server\tools\project_csharp_build.cpp ...
Compiling modules\mcp_server\tools\project_read_files.cpp ...
Compiling modules\mcp_server\tools\project_write_resource_scene.cpp ...
Compiling modules\mcp_server\tools\registration.cpp ...
Compiling modules\mcp_server\tools\running_game_assertion.cpp ...
Compiling modules\mcp_server\tools\running_game_frame_observation.cpp ...
Compiling modules\mcp_server\tools\running_game_input.cpp ...
Compiling modules\mcp_server\tools\running_game_navigation_write.cpp ...
Compiling modules\mcp_server\tools\running_game_test_execution.cpp ...
Compiling modules\mcp_server\tools\tool_helpers.cpp ...
Compiling modules\mcp_server\tests\test_mcp_server.cpp ...
Compiling modules\navigation_3d\editor\navigation_link_3d_editor_plugin.cpp ...
Compiling modules\navigation_3d\editor\navigation_link_3d_gizmo_plugin.cpp ...
Compiling modules\navigation_3d\editor\navigation_obstacle_3d_editor_plugin.cpp ...
Compiling modules\navigation_3d\editor\navigation_region_3d_editor_plugin.cpp ...
Compiling modules\openxr\openxr_api.cpp ...
Compiling modules\openxr\register_types.cpp ...
Compiling modules\openxr\extensions\openxr_render_model_extension.cpp ...
Compiling modules\openxr\scene\openxr_render_model.cpp ...
Compiling modules\openxr\scene\openxr_render_model_manager.cpp ...
Compiling modules\texture_streaming\register_types.cpp ...
Linking Static Library bin\obj\modules\module_navigation_3d.windows.editor.x86_64.lib ...
Ranlib Library bin\obj\modules\module_navigation_3d.windows.editor.x86_64.lib ...
Compiling modules\texture_streaming\texture_streaming.cpp ...
Compiling platform\android\export\export_plugin.cpp ...
Linking Static Library bin\obj\modules\module_texture_streaming.windows.editor.x86_64.lib ...
Linking Static Library bin\obj\modules\module_openxr.windows.editor.x86_64.lib ...
Ranlib Library bin\obj\modules\module_texture_streaming.windows.editor.x86_64.lib ...
Compiling platform\web\export\export_plugin.cpp ...
Compiling editor\editor_interface.cpp ...
Compiling editor\editor_main_screen.cpp ...
Ranlib Library bin\obj\modules\module_openxr.windows.editor.x86_64.lib ...
Compiling editor\editor_node.cpp ...
Compiling editor\register_editor_types.cpp ...
Compiling editor\animation\animation_player_editor_plugin.cpp ...
Compiling editor\debugger\editor_performance_profiler.cpp ...
Compiling editor\debugger\script_editor_debugger.cpp ...
Generating editor\doc\doc_data_compressed.gen.h ...
Compiling editor\docks\scene_tree_dock.cpp ...
Compiling editor\doc\editor_help.cpp ...
Compiling editor\export\editor_export_platform_apple_embedded.cpp ...
Compiling editor\export\export_template_manager.cpp ...
Compiling editor\inspector\editor_properties.cpp ...
Compiling editor\import\3d\scene_import_settings.cpp ...
Compiling editor\plugins\editor_plugin.cpp ...
Compiling editor\project_manager\project_manager.cpp ...
Compiling editor\settings\editor_build_profile.cpp ...
Compiling editor\settings\editor_settings_dialog.cpp ...
Compiling editor\scene\gradient_editor_plugin.cpp ...
Compiling editor\scene\scene_tree_editor.cpp ...
Compiling editor\scene\2d\scene_paint_2d_editor_plugin.cpp ...
Linking Static Library bin\obj\modules\module_gdscript.windows.editor.x86_64.lib ...
Compiling editor\scene\3d\camera_3d_editor_plugin.cpp ...
Ranlib Library bin\obj\modules\module_gdscript.windows.editor.x86_64.lib ...
Compiling editor\scene\3d\lightmap_gi_editor_plugin.cpp ...
Compiling editor\scene\3d\mesh_instance_3d_editor_plugin.cpp ...
Compiling editor\scene\3d\multimesh_editor_plugin.cpp ...
Compiling editor\scene\3d\node_3d_editor_gizmos.cpp ...
Compiling editor\scene\3d\node_3d_editor_plugin.cpp ...
Compiling editor\scene\3d\node_3d_editor_viewport.cpp ...
Compiling editor\scene\3d\path_3d_editor_plugin.cpp ...
Compiling editor\scene\3d\polygon_3d_editor_plugin.cpp ...
Compiling editor\scene\3d\skeleton_3d_editor_plugin.cpp ...
Compiling editor\scene\3d\gizmos\camera_3d_gizmo_plugin.cpp ...
Compiling editor\scene\3d\gizmos\gizmo_3d_helper.cpp ...
Compiling editor\scene\3d\gizmos\gpu_particles_collision_3d_gizmo_plugin.cpp ...
Compiling editor\scene\3d\gizmos\light_3d_gizmo_plugin.cpp ...
Compiling editor\scene\3d\gizmos\mesh_instance_3d_gizmo_plugin.cpp ...
Compiling editor\scene\3d\gizmos\occluder_instance_3d_gizmo_plugin.cpp ...
Compiling editor\scene\3d\gizmos\reflection_probe_gizmo_plugin.cpp ...
Compiling editor\scene\3d\gizmos\visible_on_screen_notifier_3d_gizmo_plugin.cpp ...
Compiling editor\scene\3d\gizmos\physics\collision_shape_3d_gizmo_plugin.cpp ...
Compiling editor\scene\3d\physics\physical_bone_3d_editor_plugin.cpp ...
Generating editor\themes\editor_icons.gen.h ...
Compiling scene\main\scene_tree.cpp ...
Compiling scene\3d\lightmap_gi.cpp ...
Compiling editor\themes\editor_icons.cpp ...
Compiling scene\resources\dpi_texture.cpp ...
Compiling scene\resources\streamed_texture.cpp ...
Compiling servers\rendering\renderer_viewport.cpp ...
Linking Static Library bin\obj\editor\editor.windows.editor.x86_64.lib ...
Compiling servers\rendering\rendering_server_default.cpp ...
Compiling servers\rendering\rendering_device.cpp ...
Compiling servers\rendering\rendering_device_binds.cpp ...
Compiling servers\rendering\renderer_rd\storage_rd\material_storage.cpp ...
Compiling servers\rendering\renderer_rd\forward_clustered\render_forward_clustered.cpp ...
Ranlib Library bin\obj\editor\editor.windows.editor.x86_64.lib ...
Compiling servers\rendering\renderer_rd\forward_mobile\render_forward_mobile.cpp ...
Generating core\version_hash.gen.cpp ...
Linking Static Library bin\obj\scene\scene.windows.editor.x86_64.lib ...
Compiling core\version_hash.gen.cpp ...
Compiling core\profiling\profiling.cpp ...
Compiling core\os\memory.cpp ...
Compiling core\os\os.cpp ...
Ranlib Library bin\obj\scene\scene.windows.editor.x86_64.lib ...
Compiling core\string\ustring.cpp ...
Compiling core\config\project_settings.cpp ...
Linking Static Library bin\obj\core\core.windows.editor.x86_64.lib ...
Ranlib Library bin\obj\core\core.windows.editor.x86_64.lib ...
Linking Static Library bin\obj\servers\servers.windows.editor.x86_64.lib ...
Ranlib Library bin\obj\servers\servers.windows.editor.x86_64.lib ...
scons: done building targets (errors occurred during build).
INFO: Time elapsed: 00:01:35.74
